// Jest Snapshot v1, https://goo.gl/fbAQLP

exports[`ProductImage Debe mostrar el componente de la imagen pasada como par√°metro 1`] = `
<img
  alt="Product"
  className="productImg undefined"
  src="./coffee-mug-prueba.png"
/>
`;

exports[`ProductImage debe de mostrar el componente con la imagen del producto 1`] = `
<div
  className="productCard undefined"
>
  <img
    alt="Product"
    className="productImg undefined"
    src="./coffee-mug2.png"
  />
</div>
`;
